// Jest Snapshot v1, https://goo.gl/fbAQLP

exports[`App should match snapshot 1`] = `
<main
  className="App"
>
  <h1>
    IdeaBox
  </h1>
  <Form
    addIdea={[Function]}
  />
  <Ideas
    deleteIdea={[Function]}
    ideas={
      Array [
        Object {
          "description": "Why not?",
          "id": 3,
          "title": "Sweaters for pugs",
        },
      ]
    }
  />
</main>
`;
